[     200ms] [VERBOSE] [DOM] Input elements should have autocomplete attributes (suggested: "current-password"): (More info: https://goo.gl/9p2vKq) %o @ http://localhost/tic_crm/:0
[   10910ms] [ERROR] Failed to load resource: the server responded with a status of 404 (Not Found) @ http://localhost/tic_crm/uploads/PROFESONAL_PHOTO_2.jpg:0
[   10916ms] [ERROR] Failed to load resource: the server responded with a status of 404 (Not Found) @ http://localhost/tic_crm/uploads/Sk__Md__Toukir_Islam_.jpg:0
[   10946ms] [ERROR] Failed to load resource: the server responded with a status of 404 (Not Found) @ http://localhost/tic_crm/uploads/rsz_whatsapp_image_2025-01-24_at_95021_pm.jpg:0
[   10946ms] [ERROR] Failed to load resource: the server responded with a status of 404 (Not Found) @ http://localhost/tic_crm/uploads/mahfuz_Passport_Photo_(4).jpeg:0
[   10947ms] [ERROR] Failed to load resource: the server responded with a status of 404 (Not Found) @ http://localhost/tic_crm/uploads/Screenshot_2026-05-16_161232.png:0
[   14446ms] [ERROR] Error: <path> attribute d: Expected number, "M,0,0". @ http://localhost/tic_crm/assets/plugins/raphael/raphael.min.js:0
[   14447ms] [ERROR] Error: <path> attribute d: Expected moveto path command ('M' or 'm'), "Z". @ http://localhost/tic_crm/assets/plugins/raphael/raphael.min.js:0
[   14484ms] [ERROR] Failed to load resource: the server responded with a status of 404 (Not Found) @ http://localhost/tic_crm/uploads/Gemini_Generated_Image_hcvlchhcvlchhcvl.png:0
[   14484ms] [ERROR] Failed to load resource: the server responded with a status of 404 (Not Found) @ http://localhost/tic_crm/uploads/photo_2026-02-24_07-43-26.jpg:0
[   14518ms] [WARNING] Notifications permission has been blocked as the user has dismissed the permission prompt several times. This can be reset in Page Info which can be accessed by clicking the tune icon next to the URL. See https://www.chromestatus.com/feature/6443143280984064 for more information. @ http://localhost/tic_crm/admin/dashboard:0
[   14643ms] [WARNING] WebSocket connection to 'wss://ws-ap2.pusher.com/app/4cf88668659dc9c987c3?protocol=7&client=js&version=4.1.0&flash=false' failed: WebSocket is closed before the connection is established. @ https://js.pusher.com/4.1/pusher.min.js:7
[   34986ms] [ERROR] Failed to load resource: the server responded with a status of 404 (Not Found) @ http://localhost/tic_crm/uploads/Sk__Md__Toukir_Islam_.jpg:0
[   34987ms] [ERROR] Failed to load resource: the server responded with a status of 404 (Not Found) @ http://localhost/tic_crm/uploads/PROFESONAL_PHOTO_2.jpg:0
[   34987ms] [ERROR] Failed to load resource: the server responded with a status of 404 (Not Found) @ http://localhost/tic_crm/uploads/rsz_whatsapp_image_2025-01-24_at_95021_pm.jpg:0
[   34987ms] [ERROR] Failed to load resource: the server responded with a status of 404 (Not Found) @ http://localhost/tic_crm/uploads/Screenshot_2026-05-16_161232.png:0
[   34993ms] [ERROR] Failed to load resource: the server responded with a status of 404 (Not Found) @ http://localhost/tic_crm/uploads/photo_2026-02-24_07-43-26.jpg:0
[   35207ms] TypeError: Cannot set properties of undefined (setting '_DT_CellIndex')
    at Ja (http://localhost/tic_crm/admin/superadmin/audit_logs:1941:37)
    at N (http://localhost/tic_crm/admin/superadmin/audit_logs:1728:49)
    at HTMLTableRowElement.<anonymous> (http://localhost/tic_crm/admin/superadmin/audit_logs:1737:24)
    at http://localhost/tic_crm/assets/js/jquery.min.js:2:2390
    at b.map (http://localhost/tic_crm/assets/js/jquery.min.js:2:6081)
    at init.map (http://localhost/tic_crm/assets/js/jquery.min.js:2:2358)
    at ma (http://localhost/tic_crm/admin/superadmin/audit_logs:1735:22)
    at HTMLTableElement.<anonymous> (http://localhost/tic_crm/admin/superadmin/audit_logs:3242:132)
    at b.each (http://localhost/tic_crm/assets/js/jquery.min.js:2:5257)
    at init.each (http://localhost/tic_crm/assets/js/jquery.min.js:2:2013)
[   35991ms] [ERROR] Failed to load resource: the server responded with a status of 404 (Not Found) @ http://localhost/tic_crm/uploads/Gemini_Generated_Image_hcvlchhcvlchhcvl.png:0
[   35991ms] [ERROR] Failed to load resource: the server responded with a status of 404 (Not Found) @ http://localhost/tic_crm/uploads/mahfuz_Passport_Photo_(4).jpeg:0
[  105510ms] [ERROR] Failed to load resource: the server responded with a status of 404 (Not Found) @ http://localhost/tic_crm/uploads/Sk__Md__Toukir_Islam_.jpg:0
[  105511ms] [ERROR] Failed to load resource: the server responded with a status of 404 (Not Found) @ http://localhost/tic_crm/uploads/PROFESONAL_PHOTO_2.jpg:0
[  105524ms] [ERROR] Failed to load resource: the server responded with a status of 404 (Not Found) @ http://localhost/tic_crm/uploads/Screenshot_2026-05-16_161232.png:0
[  105524ms] [ERROR] Failed to load resource: the server responded with a status of 404 (Not Found) @ http://localhost/tic_crm/uploads/Gemini_Generated_Image_hcvlchhcvlchhcvl.png:0
[  105525ms] [ERROR] Failed to load resource: the server responded with a status of 404 (Not Found) @ http://localhost/tic_crm/uploads/mahfuz_Passport_Photo_(4).jpeg:0
[  105525ms] [ERROR] Failed to load resource: the server responded with a status of 404 (Not Found) @ http://localhost/tic_crm/uploads/rsz_whatsapp_image_2025-01-24_at_95021_pm.jpg:0
[  105897ms] TypeError: Cannot set properties of undefined (setting '_DT_CellIndex')
    at Ja (http://localhost/tic_crm/admin/superadmin/audit_logs:1941:37)
    at N (http://localhost/tic_crm/admin/superadmin/audit_logs:1728:49)
    at HTMLTableRowElement.<anonymous> (http://localhost/tic_crm/admin/superadmin/audit_logs:1737:24)
    at http://localhost/tic_crm/assets/js/jquery.min.js:2:2390
    at b.map (http://localhost/tic_crm/assets/js/jquery.min.js:2:6081)
    at init.map (http://localhost/tic_crm/assets/js/jquery.min.js:2:2358)
    at ma (http://localhost/tic_crm/admin/superadmin/audit_logs:1735:22)
    at HTMLTableElement.<anonymous> (http://localhost/tic_crm/admin/superadmin/audit_logs:3242:132)
    at b.each (http://localhost/tic_crm/assets/js/jquery.min.js:2:5257)
    at init.each (http://localhost/tic_crm/assets/js/jquery.min.js:2:2013)
[  106497ms] [ERROR] Failed to load resource: the server responded with a status of 404 (Not Found) @ http://localhost/tic_crm/uploads/photo_2026-02-24_07-43-26.jpg:0
[  783689ms] [ERROR] Failed to load resource: the server responded with a status of 404 (Not Found) @ http://localhost/tic_crm/uploads/PROFESONAL_PHOTO_2.jpg:0
[  783690ms] [ERROR] Failed to load resource: the server responded with a status of 404 (Not Found) @ http://localhost/tic_crm/uploads/Sk__Md__Toukir_Islam_.jpg:0
[  783722ms] [ERROR] Failed to load resource: the server responded with a status of 404 (Not Found) @ http://localhost/tic_crm/uploads/rsz_whatsapp_image_2025-01-24_at_95021_pm.jpg:0
[  783722ms] [ERROR] Failed to load resource: the server responded with a status of 404 (Not Found) @ http://localhost/tic_crm/uploads/Screenshot_2026-05-16_161232.png:0
[  783722ms] [ERROR] Failed to load resource: the server responded with a status of 404 (Not Found) @ http://localhost/tic_crm/uploads/mahfuz_Passport_Photo_(4).jpeg:0
[  784086ms] [WARNING] Notifications permission has been blocked as the user has dismissed the permission prompt several times. This can be reset in Page Info which can be accessed by clicking the tune icon next to the URL. See https://www.chromestatus.com/feature/6443143280984064 for more information. @ http://localhost/tic_crm/admin/superadmin/audit_logs:0
[  784704ms] [ERROR] Failed to load resource: the server responded with a status of 404 (Not Found) @ http://localhost/tic_crm/uploads/photo_2026-02-24_07-43-26.jpg:0
[  784704ms] [ERROR] Failed to load resource: the server responded with a status of 404 (Not Found) @ http://localhost/tic_crm/uploads/Gemini_Generated_Image_hcvlchhcvlchhcvl.png:0
