[     592ms] [VERBOSE] [DOM] Input elements should have autocomplete attributes (suggested: "current-password"): (More info: https://goo.gl/9p2vKq) %o @ http://localhost/tic_crm/login:0
[   12049ms] [ERROR] Failed to load resource: the server responded with a status of 404 (Not Found) @ http://localhost/tic_crm/uploads/PROFESONAL_PHOTO_2.jpg:0
[   12052ms] [ERROR] Failed to load resource: the server responded with a status of 404 (Not Found) @ http://localhost/tic_crm/uploads/Sk__Md__Toukir_Islam_.jpg:0
[   12108ms] [ERROR] Failed to load resource: the server responded with a status of 404 (Not Found) @ http://localhost/tic_crm/uploads/mahfuz_Passport_Photo_(4).jpeg:0
[   12110ms] [ERROR] Failed to load resource: the server responded with a status of 404 (Not Found) @ http://localhost/tic_crm/uploads/Screenshot_2026-05-16_161232.png:0
[   12110ms] [ERROR] Failed to load resource: the server responded with a status of 404 (Not Found) @ http://localhost/tic_crm/uploads/photo_2026-02-24_07-43-26.jpg:0
[   12568ms] [ERROR] Failed to load resource: the server responded with a status of 500 (Internal Server Error) @ http://localhost/tic_crm/admin/leads/leads_details/9/building-o.png:0
[   12580ms] [WARNING] Notifications permission has been blocked as the user has dismissed the permission prompt several times. This can be reset in Page Info which can be accessed by clicking the tune icon next to the URL. See https://www.chromestatus.com/feature/6443143280984064 for more information. @ http://localhost/tic_crm/admin/leads/leads_details/9/mettings:0
[   13056ms] [ERROR] Failed to load resource: the server responded with a status of 404 (Not Found) @ http://localhost/tic_crm/uploads/rsz_whatsapp_image_2025-01-24_at_95021_pm.jpg:0
[   13072ms] [ERROR] Failed to load resource: the server responded with a status of 404 (Not Found) @ http://localhost/tic_crm/uploads/Gemini_Generated_Image_hcvlchhcvlchhcvl.png:0
[   23058ms] [ERROR] Failed to load resource: the server responded with a status of 404 (Not Found) @ http://localhost/tic_crm/uploads/PROFESONAL_PHOTO_2.jpg:0
[   23058ms] [ERROR] Failed to load resource: the server responded with a status of 404 (Not Found) @ http://localhost/tic_crm/uploads/mahfuz_Passport_Photo_(4).jpeg:0
[   23059ms] [ERROR] Failed to load resource: the server responded with a status of 404 (Not Found) @ http://localhost/tic_crm/uploads/Sk__Md__Toukir_Islam_.jpg:0
[   23059ms] [ERROR] Failed to load resource: the server responded with a status of 404 (Not Found) @ http://localhost/tic_crm/uploads/Gemini_Generated_Image_hcvlchhcvlchhcvl.png:0
[   23059ms] [ERROR] Failed to load resource: the server responded with a status of 404 (Not Found) @ http://localhost/tic_crm/uploads/photo_2026-02-24_07-43-26.jpg:0
[   23059ms] [ERROR] Failed to load resource: the server responded with a status of 500 (Internal Server Error) @ http://localhost/tic_crm/admin/leads/leads_details/9/building-o.png:0
[   23059ms] [ERROR] Failed to load resource: the server responded with a status of 404 (Not Found) @ http://localhost/tic_crm/uploads/rsz_whatsapp_image_2025-01-24_at_95021_pm.jpg:0
[   23060ms] [ERROR] Failed to load resource: the server responded with a status of 404 (Not Found) @ http://localhost/tic_crm/uploads/Screenshot_2026-05-16_161232.png:0
[   23090ms] [WARNING] Notifications permission has been blocked as the user has dismissed the permission prompt several times. This can be reset in Page Info which can be accessed by clicking the tune icon next to the URL. See https://www.chromestatus.com/feature/6443143280984064 for more information. @ http://localhost/tic_crm/admin/leads/leads_details/9/mettings:0
[  142159ms] [ERROR] Failed to load resource: the server responded with a status of 404 (Not Found) @ http://localhost/tic_crm/uploads/PROFESONAL_PHOTO_2.jpg:0
[  142173ms] [ERROR] Failed to load resource: the server responded with a status of 404 (Not Found) @ http://localhost/tic_crm/uploads/rsz_whatsapp_image_2025-01-24_at_95021_pm.jpg:0
[  142175ms] [ERROR] Failed to load resource: the server responded with a status of 404 (Not Found) @ http://localhost/tic_crm/uploads/Sk__Md__Toukir_Islam_.jpg:0
[  142175ms] [ERROR] Failed to load resource: the server responded with a status of 404 (Not Found) @ http://localhost/tic_crm/uploads/Gemini_Generated_Image_hcvlchhcvlchhcvl.png:0
[  142191ms] [ERROR] Failed to load resource: the server responded with a status of 404 (Not Found) @ http://localhost/tic_crm/uploads/photo_2026-02-24_07-43-26.jpg:0
[  142540ms] [ERROR] Failed to load resource: the server responded with a status of 500 (Internal Server Error) @ http://localhost/tic_crm/admin/leads/leads_details/9/building-o.png:0
[  142546ms] [WARNING] Notifications permission has been blocked as the user has dismissed the permission prompt several times. This can be reset in Page Info which can be accessed by clicking the tune icon next to the URL. See https://www.chromestatus.com/feature/6443143280984064 for more information. @ http://localhost/tic_crm/admin/leads/leads_details/9/mettings:0
[  143161ms] [ERROR] Failed to load resource: the server responded with a status of 404 (Not Found) @ http://localhost/tic_crm/uploads/mahfuz_Passport_Photo_(4).jpeg:0
[  143161ms] [ERROR] Failed to load resource: the server responded with a status of 404 (Not Found) @ http://localhost/tic_crm/uploads/Screenshot_2026-05-16_161232.png:0
[  167868ms] [WARNING] Blocked aria-hidden on an element because its descendant retained focus. The focus must not be hidden from assistive technology users. Avoid using aria-hidden on a focused element or its ancestor. Consider using the inert attribute instead, which will also prevent focus. For more details, see the aria-hidden section of the WAI-ARIA specification at https://w3c.github.io/aria/#aria-hidden.
Element with focus: <div.modal fade in#myModal>
Ancestor with aria-hidden: <div.modal fade in#myModal> @ http://localhost/tic_crm/admin/leads/leads_details/9/mettings:0
[  167879ms] [ERROR] Failed to load resource: the server responded with a status of 404 (Not Found) @ http://localhost/tic_crm/uploads/PROFESONAL_PHOTO_2.jpg:0
[  167880ms] [ERROR] Failed to load resource: the server responded with a status of 404 (Not Found) @ http://localhost/tic_crm/uploads/mahfuz_Passport_Photo_(4).jpeg:0
[  167880ms] [ERROR] Failed to load resource: the server responded with a status of 404 (Not Found) @ http://localhost/tic_crm/uploads/Sk__Md__Toukir_Islam_.jpg:0
[  168298ms] [ERROR] Failed to load resource: the server responded with a status of 404 (Not Found) @ http://localhost/tic_crm/uploads/Gemini_Generated_Image_hcvlchhcvlchhcvl.png:0
[  168298ms] [ERROR] Failed to load resource: the server responded with a status of 404 (Not Found) @ http://localhost/tic_crm/uploads/photo_2026-02-24_07-43-26.jpg:0
[  168299ms] [ERROR] Failed to load resource: the server responded with a status of 500 (Internal Server Error) @ http://localhost/tic_crm/admin/leads/leads_details/9/building-o.png:0
[  168429ms] [WARNING] Notifications permission has been blocked as the user has dismissed the permission prompt several times. This can be reset in Page Info which can be accessed by clicking the tune icon next to the URL. See https://www.chromestatus.com/feature/6443143280984064 for more information. @ http://localhost/tic_crm/admin/leads/leads_details/9/mettings:0
[  168865ms] [ERROR] Failed to load resource: the server responded with a status of 404 (Not Found) @ http://localhost/tic_crm/uploads/Screenshot_2026-05-16_161232.png:0
[  168866ms] [ERROR] Failed to load resource: the server responded with a status of 404 (Not Found) @ http://localhost/tic_crm/uploads/rsz_whatsapp_image_2025-01-24_at_95021_pm.jpg:0
